c:/Rtools/mingw_32/bin/gcc  -I"C:/PROGRA~1/R/R-34~1.3/include" -DNDEBUG          -O3 -Wall -gdwarf-2 -std=gnu99 -mtune=generic -c data_process.c -o data_process.o
c:/Rtools/mingw_32/bin/gcc  -I"C:/PROGRA~1/R/R-34~1.3/include" -DNDEBUG          -O3 -Wall -gdwarf-2 -std=gnu99 -mtune=generic -c hqreg.c -o hqreg.o
c:/Rtools/mingw_32/bin/gcc  -I"C:/PROGRA~1/R/R-34~1.3/include" -DNDEBUG          -O3 -Wall -gdwarf-2 -std=gnu99 -mtune=generic -c init.c -o init.o
c:/Rtools/mingw_32/bin/gcc  -I"C:/PROGRA~1/R/R-34~1.3/include" -DNDEBUG          -O3 -Wall -gdwarf-2 -std=gnu99 -mtune=generic -c ksav.c -o ksav.o
c:/Rtools/mingw_32/bin/gcc  -I"C:/PROGRA~1/R/R-34~1.3/include" -DNDEBUG          -O3 -Wall -gdwarf-2 -std=gnu99 -mtune=generic -c util.c -o util.o
c:/Rtools/mingw_32/bin/gcc -shared -static-libgcc -o hqreg.dll tmp.def data_process.o hqreg.o init.o ksav.o util.o -LC:/PROGRA~1/R/R-34~1.3/bin/i386 -lR
c:/Rtools/mingw_64/bin/gcc  -I"C:/PROGRA~1/R/R-34~1.3/include" -DNDEBUG          -O2 -Wall -gdwarf-2 -std=gnu99 -mtune=generic -c data_process.c -o data_process.o
c:/Rtools/mingw_64/bin/gcc  -I"C:/PROGRA~1/R/R-34~1.3/include" -DNDEBUG          -O2 -Wall -gdwarf-2 -std=gnu99 -mtune=generic -c hqreg.c -o hqreg.o
c:/Rtools/mingw_64/bin/gcc  -I"C:/PROGRA~1/R/R-34~1.3/include" -DNDEBUG          -O2 -Wall -gdwarf-2 -std=gnu99 -mtune=generic -c init.c -o init.o
c:/Rtools/mingw_64/bin/gcc  -I"C:/PROGRA~1/R/R-34~1.3/include" -DNDEBUG          -O2 -Wall -gdwarf-2 -std=gnu99 -mtune=generic -c ksav.c -o ksav.o
c:/Rtools/mingw_64/bin/gcc  -I"C:/PROGRA~1/R/R-34~1.3/include" -DNDEBUG          -O2 -Wall -gdwarf-2 -std=gnu99 -mtune=generic -c util.c -o util.o
c:/Rtools/mingw_64/bin/gcc -shared -static-libgcc -o hqreg.dll tmp.def data_process.o hqreg.o init.o ksav.o util.o -LC:/PROGRA~1/R/R-34~1.3/bin/x64 -lR
  converting help for package 'hqreg'
    cv.hqreg                                html  
    hqreg-package                           html  
    hqreg                                   html  
    hqreg_raw                               html  
    plot.cv.hqreg                           html  
    plot.hqreg                              html  
    predict.cv.hqreg                        html  
    predict.hqreg                           html  
c:/Rtools/mingw_32/bin/gcc  -I"C:/PROGRA~1/R/R-34~1.3/include" -DNDEBUG          -O3 -Wall -gdwarf-2 -std=gnu99 -mtune=generic -c C_FORTRAN_interface.c -o C_FORTRAN_interface.o
c:/Rtools/mingw_32/bin/gcc  -I"C:/PROGRA~1/R/R-34~1.3/include" -DNDEBUG          -O3 -Wall -gdwarf-2 -std=gnu99 -mtune=generic -c miwa.c -o miwa.o
c:/Rtools/mingw_32/bin/gfortran      -O3 -gdwarf-2 -mtune=generic -c mvt.f -o mvt.o
c:/Rtools/mingw_32/bin/gcc  -I"C:/PROGRA~1/R/R-34~1.3/include" -DNDEBUG          -O3 -Wall -gdwarf-2 -std=gnu99 -mtune=generic -c mvtnorm-init.c -o mvtnorm-init.o
c:/Rtools/mingw_32/bin/gfortran      -O3 -gdwarf-2 -mtune=generic -c tvpack.f -o tvpack.o
c:/Rtools/mingw_32/bin/gcc -shared -static-libgcc -o mvtnorm.dll tmp.def C_FORTRAN_interface.o miwa.o mvt.o mvtnorm-init.o tvpack.o -lgfortran -lm -lquadmath -LC:/PROGRA~1/R/R-34~1.3/bin/i386 -lR
c:/Rtools/mingw_64/bin/gcc  -I"C:/PROGRA~1/R/R-34~1.3/include" -DNDEBUG          -O2 -Wall -gdwarf-2 -std=gnu99 -mtune=generic -c C_FORTRAN_interface.c -o C_FORTRAN_interface.o
c:/Rtools/mingw_64/bin/gcc  -I"C:/PROGRA~1/R/R-34~1.3/include" -DNDEBUG          -O2 -Wall -gdwarf-2 -std=gnu99 -mtune=generic -c miwa.c -o miwa.o
c:/Rtools/mingw_64/bin/gfortran      -O2 -gdwarf-2 -mtune=generic -c mvt.f -o mvt.o
c:/Rtools/mingw_64/bin/gcc  -I"C:/PROGRA~1/R/R-34~1.3/include" -DNDEBUG          -O2 -Wall -gdwarf-2 -std=gnu99 -mtune=generic -c mvtnorm-init.c -o mvtnorm-init.o
c:/Rtools/mingw_64/bin/gfortran      -O2 -gdwarf-2 -mtune=generic -c tvpack.f -o tvpack.o
c:/Rtools/mingw_64/bin/gcc -shared -static-libgcc -o mvtnorm.dll tmp.def C_FORTRAN_interface.o miwa.o mvt.o mvtnorm-init.o tvpack.o -lgfortran -lm -lquadmath -LC:/PROGRA~1/R/R-34~1.3/bin/x64 -lR
  converting help for package 'mvtnorm'
    Mvnorm                                  html  
    Mvt                                     html  
    algorithms                              html  
    pmvnorm                                 html  
    pmvt                                    html  
    qmvnorm                                 html  
    qmvt                                    html  
  converting help for package 'doSNOW'
    registerDoSNOW                          html  
Rd warning: C:/Users/User/AppData/Local/Temp/RtmpWo9WxD/R.INSTALL1b181cd17074/doSNOW/man/registerDoSNOW.Rd:15: missing file link 'makeCluster'
  converting help for package 'hdm'
    AJR                                     html  
    BLP                                     html  
    EminentDomain                           html  
    Growth-Data                             html  
    LassoShooting.fit                       html  
    TE                                      html  
    cps2012                                 html  
    hdm-package                             html  
    lambdaCalculation                       html  
    methods.rlasso                          html  
    methods.rlassoEffects                   html  
    methods.rlassoIV                        html  
    methods.rlassoIVselectX                 html  
    methods.rlassoIVselectZ                 html  
    methods.rlassoTE                        html  
    methods.rlassologit                     html  
    methods.rlassologitEffects              html  
    methods.tsls                            html  
    pension                                 html  
    rlasso                                  html  
    rlassoEffects                           html  
    rlassoIV                                html  
    rlassoIVselectX                         html  
    rlassoIVselectZ                         html  
    rlassologit                             html  
    rlassologitEffects                      html  
    summary.rlassoEffects                   html  
    tsls                                    html  
